// Jest Snapshot v1, https://goo.gl/fbAQLP

exports[`should render expense list item 1`] = `
<div>
  <Link
    replace={false}
    to="/edit/1a"
  >
    <h3>
      i made it
    </h3>
  </Link>
  <p>
    $10.00
    -
    January 2nd, 1970
  </p>
</div>
`;
